// Jest Snapshot v1, https://goo.gl/fbAQLP

exports[`Card should match the snapshot 1`] = `ShallowWrapper {}`;

exports[`Card should should match snapshot if planet is passed in 1`] = `ShallowWrapper {}`;

exports[`Card should should match snapshot if vehicle is passed in 1`] = `ShallowWrapper {}`;
